// Vitest Snapshot v1, https://vitest.dev/guide/snapshot.html

exports[`GlassCard Component > Test 4: Renders correctly and matches snapshot 1`] = `
<div
  class="_card_6217ab extra-class"
>
  <span>
    Snapshot Content
  </span>
</div>
`;
